C:\Users\dinhh\Documents\duan_1_finaltest\src\main\java\DuAn\dao\ThuongHieuDAO.java
C:\Users\dinhh\Documents\duan_1_finaltest\src\main\java\DuAn\entity\Loai.java
C:\Users\dinhh\Documents\duan_1_finaltest\src\main\java\DuAn\dao\HoaDonDao.java
C:\Users\dinhh\Documents\duan_1_finaltest\src\main\java\DuAn\ui\DoiMatKhauJDialog.java
C:\Users\dinhh\Documents\duan_1_finaltest\src\main\java\DuAn\ui\GioiThieuJDialog.java
C:\Users\dinhh\Documents\duan_1_finaltest\src\main\java\DuAn\entity\Non.java
C:\Users\dinhh\Documents\duan_1_finaltest\src\main\java\DuAn\ui\Printer2.java
C:\Users\dinhh\Documents\duan_1_finaltest\src\main\java\DuAn\dao\HoaDonChiTietDAO.java
C:\Users\dinhh\Documents\duan_1_finaltest\src\main\java\DuAn\ui\MainShopBanNon.java
C:\Users\dinhh\Documents\duan_1_finaltest\src\main\java\DuAn\utils\XMail.java
C:\Users\dinhh\Documents\duan_1_finaltest\src\main\java\DuAn\utils\XImage.java
C:\Users\dinhh\Documents\duan_1_finaltest\src\main\java\DuAn\entity\NhanVien.java
C:\Users\dinhh\Documents\duan_1_finaltest\src\main\java\DuAn\entity\NhanVienFile.java
C:\Users\dinhh\Documents\duan_1_finaltest\src\main\java\DuAn\dao\ThongKeDAO.java
C:\Users\dinhh\Documents\duan_1_finaltest\src\main\java\DuAn\utils\XExcel.java
C:\Users\dinhh\Documents\duan_1_finaltest\src\main\java\DuAn\entity\ThuongHieu.java
C:\Users\dinhh\Documents\duan_1_finaltest\src\main\java\DuAn\TestConnect.java
C:\Users\dinhh\Documents\duan_1_finaltest\src\main\java\DuAn\ui\XuatHoaDon.java
C:\Users\dinhh\Documents\duan_1_finaltest\src\main\java\DuAn\constant\Constant.java
C:\Users\dinhh\Documents\duan_1_finaltest\src\main\java\DuAn\entity\Entity.java
C:\Users\dinhh\Documents\duan_1_finaltest\src\main\java\DuAn\ui\ChaoJDialog.java
C:\Users\dinhh\Documents\duan_1_finaltest\src\main\java\DuAn\dao\LoaiDAO.java
C:\Users\dinhh\Documents\duan_1_finaltest\src\main\java\DuAn\ui\InHoaDon.java
C:\Users\dinhh\Documents\duan_1_finaltest\src\main\java\DuAn\utils\MsgBox.java
C:\Users\dinhh\Documents\duan_1_finaltest\src\main\java\DuAn\utils\Common.java
C:\Users\dinhh\Documents\duan_1_finaltest\src\main\java\DuAn\dao\NhanVienDAO.java
C:\Users\dinhh\Documents\duan_1_finaltest\src\main\java\DuAn\entity\NhanVienPDF.java
C:\Users\dinhh\Documents\duan_1_finaltest\src\main\java\DuAn\ui\Test.java
C:\Users\dinhh\Documents\duan_1_finaltest\src\main\java\DuAn\utils\Auth.java
C:\Users\dinhh\Documents\duan_1_finaltest\src\main\java\DuAn\entity\HoaDon.java
C:\Users\dinhh\Documents\duan_1_finaltest\src\main\java\DuAn\entity\KhachHang.java
C:\Users\dinhh\Documents\duan_1_finaltest\src\main\java\DuAn\myenum\MyType.java
C:\Users\dinhh\Documents\duan_1_finaltest\src\main\java\DuAn\ui\LoginJDialog.java
C:\Users\dinhh\Documents\duan_1_finaltest\src\main\java\DuAn\ui\QuenMatKhauJDialog.java
C:\Users\dinhh\Documents\duan_1_finaltest\src\main\java\DuAn\dao\NonDAO.java
C:\Users\dinhh\Documents\duan_1_finaltest\src\main\java\DuAn\dao\KhachHangDAO.java
C:\Users\dinhh\Documents\duan_1_finaltest\src\main\java\DuAn\entity\HoaDonChiTiet.java
C:\Users\dinhh\Documents\duan_1_finaltest\src\main\java\DuAn\dao\CommonDao.java
C:\Users\dinhh\Documents\duan_1_finaltest\src\main\java\DuAn\utils\XJDBC.java
C:\Users\dinhh\Documents\duan_1_finaltest\src\main\java\DuAn\utils\XPDF.java
C:\Users\dinhh\Documents\duan_1_finaltest\src\main\java\DuAn\entity\KhachHangThongKe.java
C:\Users\dinhh\Documents\duan_1_finaltest\src\main\java\DuAn\ui\BarChartExample.java
C:\Users\dinhh\Documents\duan_1_finaltest\src\main\java\DuAn\utils\XDate.java
